Processing esp32s3_n16r8 (platform: espressif32; board: esp32-s3-devkitc-1; framework: arduino)
--------------------------------------------------------------------------------
Verbose mode can be enabled via `-v, --verbose` option
CONFIGURATION: https://docs.platformio.org/page/boards/espressif32/esp32-s3-devkitc-1.html
PLATFORM: Espressif 32 (6.12.0) > Espressif ESP32-S3-DevKitC-1-N8 (8 MB QD, No PSRAM)
HARDWARE: ESP32S3 240MHz, 320KB RAM, 8MB Flash
DEBUG: Current (esp-builtin) On-board (esp-builtin) External (cmsis-dap, esp-bridge, esp-prog, iot-bus-jtag, jlink, minimodule, olimex-arm-usb-ocd, olimex-arm-usb-ocd-h, olimex-arm-usb-tiny-h, olimex-jtag-tiny, tumpa)
PACKAGES: 
 - framework-arduinoespressif32 @ 3.20017.241212+sha.dcc1105b 
 - tool-esptoolpy @ 2.40900.250804 (4.9.0) 
 - toolchain-riscv32-esp @ 8.4.0+2021r2-patch5 
 - toolchain-xtensa-esp32s3 @ 8.4.0+2021r2-patch5
LDF: Library Dependency Finder -> https://bit.ly/configure-pio-ldf
LDF Modes: Finder ~ chain, Compatibility ~ soft
Found 35 compatible libraries
Scanning dependencies...
Dependency Graph
|-- TFT_eSPI @ 2.5.43
|-- lvgl @ 9.5.0
|-- LittleFS @ 2.0.0
|-- FS @ 2.0.0
|-- Preferences @ 2.0.0
Building in release mode
Linking C:\.piobuild\numOS\esp32s3_n16r8\firmware.elf
pio : c:/.platformio/pa
ckages/toolchain-xtensa
-esp32s3/bin/../lib/gcc
/xtensa-esp32s3-elf/8.4
.0/../../../../xtensa-e
sp32s3-elf/bin/ld.exe: 
C:/.piobuild/numOS/esp3
2s3_n16r8/src/apps/Neur
alLabApp.cpp.o:(.litera
l._ZN12NeuralLabApp22re
nderDecisionBoundaryEv+
0x14): undefined 
reference to `NeuralLab
App::rgb888to565(unsign
ed int)'
En línea: 1 Carácter: 1
+ pio run -e 
esp32s3_n16r8 > 
build_output.log 2>&1
+ ~~~~~~~~~~~~~~~~~~~~~
~~~~~~~~~~~~~~~~~~~~~~~
~~~~
    + CategoryInfo     
     : NotSpecified: (c
:/.platformio/...(unsig
ned     int)':String) 
[], RemoteException
    + 
FullyQualifiedErrorId 
: NativeCommandError
 
c:/.platformio/packages
/toolchain-xtensa-esp32
s3/bin/../lib/gcc/xtens
a-esp32s3-elf/8.4.0/../
../../../xtensa-esp32s3
-elf/bin/ld.exe: C:/.pi
obuild/numOS/esp32s3_n1
6r8/src/apps/NeuralLabA
pp.cpp.o: in function `
NeuralLabApp::renderDec
isionBoundary()':
C:\Users\Juan Ram\xf3n\
Documents\Calculadora/s
rc/apps/NeuralLabApp.cp
p:451: undefined 
reference to `NeuralLab
App::rgb888to565(unsign
ed int)'
c:/.platformio/packages
/toolchain-xtensa-esp32
s3/bin/../lib/gcc/xtens
a-esp32s3-elf/8.4.0/../
../../../xtensa-esp32s3
-elf/bin/ld.exe: C:/.pi
obuild/numOS/esp32s3_n1
6r8/src/apps/NeuralLabA
pp.cpp.o: in function `
NeuralLabApp::renderCla
ssifierPoints()':
C:\Users\Juan Ram\xf3n\
Documents\Calculadora/s
rc/apps/NeuralLabApp.cp
p:540: undefined 
reference to `NeuralLab
App::rgb888to565(unsign
ed int)'
c:/.platformio/packages
/toolchain-xtensa-esp32
s3/bin/../lib/gcc/xtens
a-esp32s3-elf/8.4.0/../
../../../xtensa-esp32s3
-elf/bin/ld.exe: 
C:\Users\Juan Ram\xf3n\
Documents\Calculadora/s
rc/apps/NeuralLabApp.cp
p:541: undefined 
reference to `NeuralLab
App::rgb888to565(unsign
ed int)'
c:/.platformio/packages
/toolchain-xtensa-esp32
s3/bin/../lib/gcc/xtens
a-esp32s3-elf/8.4.0/../
../../../xtensa-esp32s3
-elf/bin/ld.exe: 
C:\Users\Juan Ram\xf3n\
Documents\Calculadora/s
rc/apps/NeuralLabApp.cp
p:570: undefined 
reference to `NeuralLab
App::rgb888to565(unsign
ed int)'
c:/.platformio/packages
/toolchain-xtensa-esp32
s3/bin/../lib/gcc/xtens
a-esp32s3-elf/8.4.0/../
../../../xtensa-esp32s3
-elf/bin/ld.exe: C:/.pi
obuild/numOS/esp32s3_n1
6r8/src/apps/NeuralLabA
pp.cpp.o:C:\Users\Juan 
Ram\xf3n\Documents\Calc
uladora/src/apps/Neural
LabApp.cpp:611: more 
undefined references 
to `NeuralLabApp::rgb88
8to565(unsigned int)' 
follow
collect2.exe: error: 
ld returned 1 exit 
status
*** [C:\.piobuild\numOS
\esp32s3_n16r8\firmware
.elf] Error 1
=======================
== [FAILED] Took 19.11 
seconds ===============
==========

Environment    Status  
  Duration
-------------  
--------  ------------
esp32s3_n16r8  FAILED  
  00:00:19.112
==================== 1 
failed, 0 succeeded in 
00:00:19.112 
====================
